// Vitest Snapshot v1, https://vitest.dev/guide/snapshot.html

exports[`App > renders with snapshot 1`] = `
<main
  class="app"
>
  <div
    class="app-loginBtn"
  >
    <span
      class="error"
    />
    <button
      type="submit"
    >
      Login
    </button>
  </div>
  <h1>
    Logged Out
  </h1>
  <table
    class="debug-table"
  >
    <tbody>
      <tr>
        <td
          class="debug-itemName"
        >
          accessToken
        </td>
        <td
          class="debug-itemValue"
        >
          &lt;empty&gt;
        </td>
      </tr>
      <tr>
        <td
          class="debug-itemName"
        >
          refreshToken
        </td>
        <td
          class="debug-itemValue"
        >
          &lt;empty&gt;
        </td>
      </tr>
      <tr>
        <td
          class="debug-itemName"
        >
          state
        </td>
        <td
          class="debug-itemValue"
        >
          &lt;empty&gt;
        </td>
      </tr>
      <tr>
        <td
          class="debug-itemName"
        >
          code
        </td>
        <td
          class="debug-itemValue"
        >
          &lt;empty&gt;
        </td>
      </tr>
      <tr>
        <td
          class="debug-itemName"
        >
          codeVerifier
        </td>
        <td
          class="debug-itemValue"
        >
          &lt;empty&gt;
        </td>
      </tr>
      <tr>
        <td
          class="debug-itemName"
        >
          cookie
        </td>
        <td
          class="debug-itemValue"
        >
          &lt;empty&gt;
        </td>
      </tr>
      <tr>
        <td
          class="debug-itemName"
        >
          localStorage
        </td>
        <td
          class="debug-itemValue"
        >
          {}
        </td>
      </tr>
    </tbody>
  </table>
</main>
`;
